2026-02-23 18:23:02 - utils - INFO - Найдено 3 транзакций по запросу 'Перевод'
2026-02-23 18:23:02 - utils - INFO - Найдено 3 транзакций по запросу 'перевод'
2026-02-23 18:23:02 - utils - INFO - Найдено 3 транзакций по запросу 'ПЕРЕВОД'
2026-02-23 18:23:02 - utils - INFO - Найдено 1 транзакций по запросу 'плат'
2026-02-23 18:23:02 - utils - INFO - Найдено 0 транзакций по запросу 'несуществующееслово'
2026-02-23 18:23:02 - utils - DEBUG - Пустой список транзакций или строка поиска
2026-02-23 18:23:02 - utils - DEBUG - Пустой список транзакций или строка поиска
2026-02-23 18:23:02 - utils - INFO - Найдено 1 транзакций по запросу 'организации'
2026-02-23 18:23:02 - utils - INFO - Найдено 1 транзакций по запросу 'счет'
2026-02-23 18:23:02 - utils - INFO - Найдено 1 транзакций по запросу 'карту'
2026-02-23 18:23:02 - utils - INFO - Найдено 1 транзакций по запросу 'покупка'
2026-02-23 18:23:02 - utils - INFO - Расширенный поиск по шаблону 'организации|услуг' нашел 2 транзакций
2026-02-23 18:23:02 - utils - INFO - Расширенный поиск по шаблону '\bперев\w*' нашел 3 транзакций
2026-02-23 18:23:02 - utils - INFO - Расширенный поиск по шаблону '\b\w*чет\b' нашел 1 транзакций
2026-02-23 18:23:02 - utils - INFO - Расширенный поиск по шаблону 'карт' нашел 1 транзакций
2026-02-23 18:23:02 - utils - ERROR - Ошибка в регулярном выражении '(незакрытая': missing ), unterminated subpattern at position 0
2026-02-23 18:23:02 - utils - INFO - Подсчитаны категории: {'Перевод организации': 2}
2026-02-23 18:23:02 - utils - INFO - Подсчитаны категории: {'Перевод организации': 2, 'Перевод со счета на счет': 2, 'Оплата услуг': 1}
2026-02-23 18:23:02 - utils - INFO - Подсчитаны категории: {'Несуществующая категория': 0}
2026-02-23 18:23:02 - utils - DEBUG - Пустой список транзакций или категорий
2026-02-23 18:23:02 - utils - DEBUG - Пустой список транзакций или категорий
2026-02-23 18:23:02 - utils - INFO - Подсчитаны категории: {'перевод организации': 2, 'ПЕРЕВОД СО СЧЕТА НА СЧЕТ': 2}
2026-02-23 18:23:02 - utils - INFO - Подсчитаны категории: {'Перевод организации': 2, 'Перевод со счета на счет': 2}
2026-02-23 18:23:02 - utils - INFO - Подсчитаны категории: {'Оплата услуг': 1, 'Покупка': 0}
2026-02-23 18:23:02 - utils - INFO - Подсчитаны категории: {'Перевод с карты на карту': 1}
2026-02-23 18:23:02 - utils - INFO - Найдено 2 транзакций по запросу 'организации'
2026-02-23 18:23:02 - utils - INFO - Подсчитаны категории: {'Перевод организации': 2, 'Перевод со счета на счет': 0}
